# File containing a listing of the fitness of the top-ranked
# individual for each ligand docked in GOLD.
#
# Format is:
#
#     Score     S(PLP)   S(hbond)     S(cho)   S(metal)  DE(clash)   DE(tors)     intcor     time                               File name                Ligand name

     48.93     -40.46       2.86       0.00       0.00       0.00       0.64       1.17    1.999  '//ad.ucl.ac.uk/homec/rmhaxuc/DesktopSettings/Desktop/virtual screening -tutorial-20200214/gold2\gold_soln_may_3d_m1_4.sdf'                 'CC 00401'
     48.98     -43.05       2.00       0.00       0.00       0.00       0.03       0.00    2.000  '//ad.ucl.ac.uk/homec/rmhaxuc/DesktopSettings/Desktop/virtual screening -tutorial-20200214/gold2\gold_soln_may_3d_m2_2.sdf'                 'CC 00413'
     53.10     -44.24       3.34       0.00       0.00       0.00       1.50       1.84    2.000  '//ad.ucl.ac.uk/homec/rmhaxuc/DesktopSettings/Desktop/virtual screening -tutorial-20200214/gold2\gold_soln_may_3d_m3_3.sdf'                 'CC 00501'
     53.23     -44.33       3.00       0.00       0.00       0.00       0.05       0.00    2.000  '//ad.ucl.ac.uk/homec/rmhaxuc/DesktopSettings/Desktop/virtual screening -tutorial-20200214/gold2\gold_soln_may_3d_m4_2.sdf'                 'CC 00509'
     49.28     -43.55       2.00       0.00       0.00       0.00       0.13       0.00    1.001  '//ad.ucl.ac.uk/homec/rmhaxuc/DesktopSettings/Desktop/virtual screening -tutorial-20200214/gold2\gold_soln_may_3d_m5_3.sdf'                 'CC 00513'
     52.68     -47.65       1.85       0.00       0.00       0.00       0.26       0.00    3.000  '//ad.ucl.ac.uk/homec/rmhaxuc/DesktopSettings/Desktop/virtual screening -tutorial-20200214/gold2\gold_soln_may_3d_m6_1.sdf'                 'CC 00546'
     48.71     -39.82       3.00       0.00       0.00       0.00       0.06       0.00    1.000  '//ad.ucl.ac.uk/homec/rmhaxuc/DesktopSettings/Desktop/virtual screening -tutorial-20200214/gold2\gold_soln_may_3d_m7_1.sdf'                 'CC 00801'
     44.01     -40.89       1.27       0.00       0.00       0.00       0.35       0.00    1.000  '//ad.ucl.ac.uk/homec/rmhaxuc/DesktopSettings/Desktop/virtual screening -tutorial-20200214/gold2\gold_soln_may_3d_m8_3.sdf'                 'CC 00813'
     47.79     -41.89       2.00       0.00       0.00       0.00       0.05       0.00    0.001  '//ad.ucl.ac.uk/homec/rmhaxuc/DesktopSettings/Desktop/virtual screening -tutorial-20200214/gold2\gold_soln_may_3d_m9_3.sdf'                 'CC 00901'
     53.42     -43.17       3.52       0.00       0.00       0.00       0.16       0.00    1.000  '//ad.ucl.ac.uk/homec/rmhaxuc/DesktopSettings/Desktop/virtual screening -tutorial-20200214/gold2\gold_soln_may_3d_m10_3.sdf'                 'CC 01301'
     48.67     -41.62       2.53       0.00       0.00       0.00       0.27       0.00    1.000  '//ad.ucl.ac.uk/homec/rmhaxuc/DesktopSettings/Desktop/virtual screening -tutorial-20200214/gold2\gold_soln_may_3d_m11_2.sdf'                 'CC 01309'
     46.01     -40.63       1.80       0.00       0.00       0.00       0.00       0.00    2.000  '//ad.ucl.ac.uk/homec/rmhaxuc/DesktopSettings/Desktop/virtual screening -tutorial-20200214/gold2\gold_soln_may_3d_m12_2.sdf'                 'CC 01313'
     49.94     -44.04       1.98       0.00       0.00       0.00       0.17       0.32    1.000  '//ad.ucl.ac.uk/homec/rmhaxuc/DesktopSettings/Desktop/virtual screening -tutorial-20200214/gold2\gold_soln_may_3d_m13_1.sdf'                 'CC 01401'
     48.86     -43.18       1.93       0.00       0.00       0.00       0.06       0.01    2.000  '//ad.ucl.ac.uk/homec/rmhaxuc/DesktopSettings/Desktop/virtual screening -tutorial-20200214/gold2\gold_soln_may_3d_m14_1.sdf'                 'CC 01409'
     49.96     -38.37       3.87       0.00       0.00       0.00       0.02       0.01    1.999  '//ad.ucl.ac.uk/homec/rmhaxuc/DesktopSettings/Desktop/virtual screening -tutorial-20200214/gold2\gold_soln_may_3d_m15_2.sdf'                 'CC 01501'
     51.61     -42.85       3.00       0.00       0.00       0.00       0.12       0.00    1.001  '//ad.ucl.ac.uk/homec/rmhaxuc/DesktopSettings/Desktop/virtual screening -tutorial-20200214/gold2\gold_soln_may_3d_m16_3.sdf'                 'CC 01509'
     46.99     -41.28       1.99       0.00       0.00       0.00       0.14       0.00    2.000  '//ad.ucl.ac.uk/homec/rmhaxuc/DesktopSettings/Desktop/virtual screening -tutorial-20200214/gold2\gold_soln_may_3d_m17_4.sdf'                 'CC 01513'
     49.78     -39.32       3.51       0.00       0.00       0.00       0.04       0.00    1.000  '//ad.ucl.ac.uk/homec/rmhaxuc/DesktopSettings/Desktop/virtual screening -tutorial-20200214/gold2\gold_soln_may_3d_m18_1.sdf'                 'CC 01601'
     43.32     -37.50       2.00       0.00       0.00       0.00       0.08       0.00    2.000  '//ad.ucl.ac.uk/homec/rmhaxuc/DesktopSettings/Desktop/virtual screening -tutorial-20200214/gold2\gold_soln_may_3d_m19_5.sdf'                 'CC 01613'
     46.16     -40.78       1.88       0.00       0.00       0.00       0.13       0.00    1.000  '//ad.ucl.ac.uk/homec/rmhaxuc/DesktopSettings/Desktop/virtual screening -tutorial-20200214/gold2\gold_soln_may_3d_m20_1.sdf'                 'CC 01646'
     46.88     -41.01       1.96       0.00       0.00       0.00       0.01       0.00    1.000  '//ad.ucl.ac.uk/homec/rmhaxuc/DesktopSettings/Desktop/virtual screening -tutorial-20200214/gold2\gold_soln_may_3d_m21_3.sdf'                 'CC 01701'
     45.61     -40.07       1.88       0.00       0.00       0.00       0.05       0.00    1.000  '//ad.ucl.ac.uk/homec/rmhaxuc/DesktopSettings/Desktop/virtual screening -tutorial-20200214/gold2\gold_soln_may_3d_m22_4.sdf'                 'CC 01709'
     50.90     -42.01       3.00       0.00       0.00       0.00       0.19       0.27    1.000  '//ad.ucl.ac.uk/homec/rmhaxuc/DesktopSettings/Desktop/virtual screening -tutorial-20200214/gold2\gold_soln_may_3d_m23_2.sdf'                 'CC 01901'
     48.73     -42.73       2.00       0.00       0.00       0.00       0.00       0.00    1.000  '//ad.ucl.ac.uk/homec/rmhaxuc/DesktopSettings/Desktop/virtual screening -tutorial-20200214/gold2\gold_soln_may_3d_m24_3.sdf'                 'CC 01909'
     52.78     -44.81       2.88       0.00       0.00       0.00       0.33       0.00    1.000  '//ad.ucl.ac.uk/homec/rmhaxuc/DesktopSettings/Desktop/virtual screening -tutorial-20200214/gold2\gold_soln_may_3d_m25_2.sdf'                 'CC 02201'
     50.58     -45.08       2.00       0.00       0.00       0.00       0.25       0.00    2.999  '//ad.ucl.ac.uk/homec/rmhaxuc/DesktopSettings/Desktop/virtual screening -tutorial-20200214/gold2\gold_soln_may_3d_m26_3.sdf'                 'CC 02209'
     48.91     -43.42       1.00       0.88       0.00       0.00       0.08       0.00    2.000  '//ad.ucl.ac.uk/homec/rmhaxuc/DesktopSettings/Desktop/virtual screening -tutorial-20200214/gold2\gold_soln_may_3d_m27_2.sdf'                 'CC 02213'
     38.45     -29.57       3.00       0.00       0.00       0.00       0.06       0.00    1.000  '//ad.ucl.ac.uk/homec/rmhaxuc/DesktopSettings/Desktop/virtual screening -tutorial-20200214/gold2\gold_soln_may_3d_m28_1.sdf'                 'CC 03609'
     54.13     -45.58       2.86       0.00       0.00       0.00       0.03       0.02    1.000  '//ad.ucl.ac.uk/homec/rmhaxuc/DesktopSettings/Desktop/virtual screening -tutorial-20200214/gold2\gold_soln_may_3d_m29_2.sdf'                 'CC 03801'
     53.14     -44.22       2.98       0.00       0.00       0.00       0.00       0.00    1.000  '//ad.ucl.ac.uk/homec/rmhaxuc/DesktopSettings/Desktop/virtual screening -tutorial-20200214/gold2\gold_soln_may_3d_m30_1.sdf'                 'CC 04401'
     54.41     -45.49       2.99       0.00       0.00       0.00       0.02       0.00    1.000  '//ad.ucl.ac.uk/homec/rmhaxuc/DesktopSettings/Desktop/virtual screening -tutorial-20200214/gold2\gold_soln_may_3d_m31_3.sdf'                 'CC 04409'
     51.45     -42.59       3.00       0.00       0.00       0.00       0.07       0.00    1.000  '//ad.ucl.ac.uk/homec/rmhaxuc/DesktopSettings/Desktop/virtual screening -tutorial-20200214/gold2\gold_soln_may_3d_m32_3.sdf'                 'CC 04501'
     48.34     -42.11       2.33       0.00       0.00       0.00       0.37       0.00    1.001  '//ad.ucl.ac.uk/homec/rmhaxuc/DesktopSettings/Desktop/virtual screening -tutorial-20200214/gold2\gold_soln_may_3d_m33_4.sdf'                 'CC 04509'
     54.48     -45.50       3.00       0.00       0.00       0.00       0.60       1.19    1.000  '//ad.ucl.ac.uk/homec/rmhaxuc/DesktopSettings/Desktop/virtual screening -tutorial-20200214/gold2\gold_soln_may_3d_m34_1.sdf'                 'CC 04601'
     51.34     -42.44       3.00       0.00       0.00       0.00       0.05       0.00    1.000  '//ad.ucl.ac.uk/homec/rmhaxuc/DesktopSettings/Desktop/virtual screening -tutorial-20200214/gold2\gold_soln_may_3d_m35_3.sdf'                 'CC 04701'
     48.97     -40.09       2.99       0.00       0.00       0.00       0.05       0.00    1.000  '//ad.ucl.ac.uk/homec/rmhaxuc/DesktopSettings/Desktop/virtual screening -tutorial-20200214/gold2\gold_soln_may_3d_m36_1.sdf'                 'CC 05601'
     46.83     -38.79       2.70       0.00       0.00       0.00       0.04       0.00    1.000  '//ad.ucl.ac.uk/homec/rmhaxuc/DesktopSettings/Desktop/virtual screening -tutorial-20200214/gold2\gold_soln_may_3d_m37_1.sdf'                 'CC 05609'
     44.75     -42.16       0.94       0.00       0.00       0.00       0.12       0.00    1.000  '//ad.ucl.ac.uk/homec/rmhaxuc/DesktopSettings/Desktop/virtual screening -tutorial-20200214/gold2\gold_soln_may_3d_m38_2.sdf'                 'CC 05623'
     46.08     -40.10       2.00       0.00       0.00       0.00       0.01       0.00    2.000  '//ad.ucl.ac.uk/homec/rmhaxuc/DesktopSettings/Desktop/virtual screening -tutorial-20200214/gold2\gold_soln_may_3d_m39_3.sdf'                 'CC 05646'
     41.66     -35.71       1.98       0.00       0.00       0.00       0.00       0.00    0.999  '//ad.ucl.ac.uk/homec/rmhaxuc/DesktopSettings/Desktop/virtual screening -tutorial-20200214/gold2\gold_soln_may_3d_m40_2.sdf'                 'CC 05914'
